<?xml version="1.0" encoding="utf-8"?>
<TestRun id="f9fbacb1-f82c-4903-9b91-4b890a7cc8c5" name="Omark@OMAR_PC 2024-12-01 13:38:11" runUser="OMAR_PC\Omark" xmlns="http://microsoft.com/schemas/VisualStudio/TeamTest/2010">
  <Times creation="2024-12-01T13:38:11.2536866+02:00" queuing="2024-12-01T13:38:11.2536869+02:00" start="2024-12-01T13:38:10.2944808+02:00" finish="2024-12-01T13:38:11.2929346+02:00" />
  <TestSettings name="default" id="39f55b40-9047-41d0-8f7f-323955f6f6d2">
    <Deployment runDeploymentRoot="Omark_OMAR_PC_2024-12-01_13_38_11" />
  </TestSettings>
  <Results>
    <UnitTestResult executionId="19d12515-eac0-4624-8c0f-25e4d8673ff2" testId="de9ea2dd-f4c2-6389-a1c8-fc8868847b87" testName="AirportTicketBookingExercise.Test.ProgramShould.ModifyUserBooking(username: &quot;Omar Khalili&quot;, flightId: &quot;6&quot;, flightClass: &quot;1&quot;, expectedResult: &quot;380$&quot;)" computerName="OMAR_PC" duration="00:00:00.0005528" startTime="2024-12-01T13:38:11.1907070+02:00" endTime="2024-12-01T13:38:11.1907070+02:00" testType="13cdc9d9-ddb5-4fa4-a97d-d965ccfc6d4b" outcome="Passed" testListId="8c84fa94-04c1-424b-9868-57a2d4851a1d" relativeResultsDirectory="19d12515-eac0-4624-8c0f-25e4d8673ff2" />
    <UnitTestResult executionId="16bd36ff-af72-4c71-a2a0-f25a779782df" testId="e74b6359-5e1f-a2c6-8eda-b8287010bb2b" testName="AirportTicketBookingExercise.Test.ProgramShould.CheckRegister(username: &quot;Ahmad Khalili&quot;, password: &quot;Ahmad@1234&quot;, expectedResult: True)" computerName="OMAR_PC" duration="00:00:00.0013806" startTime="2024-12-01T13:38:11.2217451+02:00" endTime="2024-12-01T13:38:11.2217451+02:00" testType="13cdc9d9-ddb5-4fa4-a97d-d965ccfc6d4b" outcome="Passed" testListId="8c84fa94-04c1-424b-9868-57a2d4851a1d" relativeResultsDirectory="16bd36ff-af72-4c71-a2a0-f25a779782df" />
    <UnitTestResult executionId="c37aa443-082e-4e72-8aea-072e86fe6b67" testId="53d1a41b-d8aa-a0fb-b3e2-f3b8ccdf1eff" testName="AirportTicketBookingExercise.Test.ProgramShould.CheckLogin(username: &quot;Omar Khalili&quot;, password: &quot;Khalili@1234&quot;, expectedResult: True)" computerName="OMAR_PC" duration="00:00:00.0008097" startTime="2024-12-01T13:38:11.2205277+02:00" endTime="2024-12-01T13:38:11.2205278+02:00" testType="13cdc9d9-ddb5-4fa4-a97d-d965ccfc6d4b" outcome="Passed" testListId="8c84fa94-04c1-424b-9868-57a2d4851a1d" relativeResultsDirectory="c37aa443-082e-4e72-8aea-072e86fe6b67" />
    <UnitTestResult executionId="52dbef56-28ef-41d6-8ac7-98a5a8a6778d" testId="7c4a5288-a275-76f2-d932-6599d7aa707f" testName="AirportTicketBookingExercise.Test.ProgramShould.CheckLogin(username: &quot;&quot;, password: &quot;Khalili@1234&quot;, expectedResult: False)" computerName="OMAR_PC" duration="00:00:00.0003478" startTime="2024-12-01T13:38:11.2205463+02:00" endTime="2024-12-01T13:38:11.2205464+02:00" testType="13cdc9d9-ddb5-4fa4-a97d-d965ccfc6d4b" outcome="Passed" testListId="8c84fa94-04c1-424b-9868-57a2d4851a1d" relativeResultsDirectory="52dbef56-28ef-41d6-8ac7-98a5a8a6778d" />
    <UnitTestResult executionId="4731a364-00a2-4db6-aa43-0c9b5a4ba2ba" testId="bd9e934c-c729-6a2b-e688-db0460d16c3a" testName="AirportTicketBookingExercise.Test.ProgramShould.CancelFlightBooking(username: &quot;&quot;, flightId: &quot;2&quot;, expectedResult: False)" computerName="OMAR_PC" duration="00:00:00.0009311" startTime="2024-12-01T13:38:11.2218338+02:00" endTime="2024-12-01T13:38:11.2218338+02:00" testType="13cdc9d9-ddb5-4fa4-a97d-d965ccfc6d4b" outcome="Passed" testListId="8c84fa94-04c1-424b-9868-57a2d4851a1d" relativeResultsDirectory="4731a364-00a2-4db6-aa43-0c9b5a4ba2ba" />
    <UnitTestResult executionId="dd36eb2a-19c0-4578-9caa-10be8dd8efb7" testId="a0767d2a-1bb9-55be-e819-a55bb032ec16" testName="AirportTicketBookingExercise.Test.ProgramShould.CheckLogin(username: &quot;Omar Khalili&quot;, password: &quot;&quot;, expectedResult: False)" computerName="OMAR_PC" duration="00:00:00.0026918" startTime="2024-12-01T13:38:11.2205054+02:00" endTime="2024-12-01T13:38:11.2205055+02:00" testType="13cdc9d9-ddb5-4fa4-a97d-d965ccfc6d4b" outcome="Passed" testListId="8c84fa94-04c1-424b-9868-57a2d4851a1d" relativeResultsDirectory="dd36eb2a-19c0-4578-9caa-10be8dd8efb7" />
    <UnitTestResult executionId="3a5c9127-db0a-41bd-8416-338a56e1327b" testId="ffb212ef-204a-e1bd-1083-2e63e8b7b041" testName="AirportTicketBookingExercise.Test.ProgramShould.CancelFlightBooking(username: &quot;Omar Khalili&quot;, flightId: &quot;2&quot;, expectedResult: False)" computerName="OMAR_PC" duration="00:00:00.0011680" startTime="2024-12-01T13:38:11.2218154+02:00" endTime="2024-12-01T13:38:11.2218154+02:00" testType="13cdc9d9-ddb5-4fa4-a97d-d965ccfc6d4b" outcome="Passed" testListId="8c84fa94-04c1-424b-9868-57a2d4851a1d" relativeResultsDirectory="3a5c9127-db0a-41bd-8416-338a56e1327b" />
    <UnitTestResult executionId="6e8a1e77-93a0-4c0c-8ee5-368bfc89f591" testId="40c9ce22-a0c5-f8bd-1021-6164912f04d6" testName="AirportTicketBookingExercise.Test.ProgramShould.DisplayUserBooking(username: &quot;Omar Khalili&quot;, expectedResult: True)" computerName="OMAR_PC" duration="00:00:00.0036743" startTime="2024-12-01T13:38:11.2203853+02:00" endTime="2024-12-01T13:38:11.2203854+02:00" testType="13cdc9d9-ddb5-4fa4-a97d-d965ccfc6d4b" outcome="Passed" testListId="8c84fa94-04c1-424b-9868-57a2d4851a1d" relativeResultsDirectory="6e8a1e77-93a0-4c0c-8ee5-368bfc89f591" />
    <UnitTestResult executionId="3cd395b1-e34b-4df6-a397-601749a4d943" testId="85e2c874-ee80-36f7-a358-d0c5f4f91655" testName="AirportTicketBookingExercise.Test.ProgramShould.ModifyUserBooking(username: &quot;Abood Jbr&quot;, flightId: &quot;5&quot;, flightClass: &quot;1&quot;, expectedResult: &quot;183$&quot;)" computerName="OMAR_PC" duration="00:00:00.0023715" startTime="2024-12-01T13:38:11.1903806+02:00" endTime="2024-12-01T13:38:11.1903808+02:00" testType="13cdc9d9-ddb5-4fa4-a97d-d965ccfc6d4b" outcome="Passed" testListId="8c84fa94-04c1-424b-9868-57a2d4851a1d" relativeResultsDirectory="3cd395b1-e34b-4df6-a397-601749a4d943" />
    <UnitTestResult executionId="83df27c6-92be-469e-8ffb-a84e67d5aeab" testId="ed590b73-10ce-92f0-99c7-95a569a86a33" testName="AirportTicketBookingExercise.Test.ProgramShould.CheckFlightBooking(flightId: &quot;2&quot;, expectedResult: False)" computerName="OMAR_PC" duration="00:00:00.0009374" startTime="2024-12-01T13:38:11.2204129+02:00" endTime="2024-12-01T13:38:11.2204129+02:00" testType="13cdc9d9-ddb5-4fa4-a97d-d965ccfc6d4b" outcome="Passed" testListId="8c84fa94-04c1-424b-9868-57a2d4851a1d" relativeResultsDirectory="83df27c6-92be-469e-8ffb-a84e67d5aeab" />
    <UnitTestResult executionId="b5730445-28e8-4e60-824c-e0ca75951edb" testId="ce18f82f-06e5-b9ad-99c4-826011868a49" testName="AirportTicketBookingExercise.Test.ProgramShould.ModifyUserBooking(username: &quot;Oliver&quot;, flightId: &quot;7&quot;, flightClass: &quot;1&quot;, expectedResult: &quot;300$&quot;)" computerName="OMAR_PC" duration="00:00:00.0006365" startTime="2024-12-01T13:38:11.1912766+02:00" endTime="2024-12-01T13:38:11.1912768+02:00" testType="13cdc9d9-ddb5-4fa4-a97d-d965ccfc6d4b" outcome="Passed" testListId="8c84fa94-04c1-424b-9868-57a2d4851a1d" relativeResultsDirectory="b5730445-28e8-4e60-824c-e0ca75951edb" />
    <UnitTestResult executionId="734739bd-5cbf-426a-aa10-50566a44e600" testId="e479a2f3-c826-f5b6-395f-f6a3d578c1b8" testName="AirportTicketBookingExercise.Test.ProgramShould.ModifyUserBooking(username: &quot;Samira&quot;, flightId: &quot;3&quot;, flightClass: &quot;3&quot;, expectedResult: &quot;675$&quot;)" computerName="OMAR_PC" duration="00:00:00.0008009" startTime="2024-12-01T13:38:11.1906777+02:00" endTime="2024-12-01T13:38:11.1906777+02:00" testType="13cdc9d9-ddb5-4fa4-a97d-d965ccfc6d4b" outcome="Passed" testListId="8c84fa94-04c1-424b-9868-57a2d4851a1d" relativeResultsDirectory="734739bd-5cbf-426a-aa10-50566a44e600" />
    <UnitTestResult executionId="702f7f6f-35a7-46db-ab8c-cc17ed096741" testId="8766fef3-8461-d8f3-c6ff-0d12e0187b04" testName="AirportTicketBookingExercise.Test.ProgramShould.ModifyUserBooking(username: &quot;Abood Jbr&quot;, flightId: &quot;&quot;, flightClass: &quot;1&quot;, expectedResult: null)" computerName="OMAR_PC" duration="00:00:00.0005263" startTime="2024-12-01T13:38:11.1918349+02:00" endTime="2024-12-01T13:38:11.1918350+02:00" testType="13cdc9d9-ddb5-4fa4-a97d-d965ccfc6d4b" outcome="Passed" testListId="8c84fa94-04c1-424b-9868-57a2d4851a1d" relativeResultsDirectory="702f7f6f-35a7-46db-ab8c-cc17ed096741" />
    <UnitTestResult executionId="619b5410-45e1-4d6f-afe3-a05a5b645645" testId="e2b513f5-9fd7-4468-f12d-cd5d77c8f634" testName="AirportTicketBookingExercise.Test.ProgramShould.CheckFlightBooking(flightId: &quot;4&quot;, expectedResult: True)" computerName="OMAR_PC" duration="00:00:00.0002437" startTime="2024-12-01T13:38:11.2204613+02:00" endTime="2024-12-01T13:38:11.2204614+02:00" testType="13cdc9d9-ddb5-4fa4-a97d-d965ccfc6d4b" outcome="Passed" testListId="8c84fa94-04c1-424b-9868-57a2d4851a1d" relativeResultsDirectory="619b5410-45e1-4d6f-afe3-a05a5b645645" />
    <UnitTestResult executionId="f29844b9-dc1d-4bf3-bc34-6e2e2cf375ee" testId="4bf88c64-77df-3ca6-fd7b-e97373c5d0b9" testName="AirportTicketBookingExercise.Test.ProgramShould.CheckLogin(username: &quot;Ahmad Khalili&quot;, password: &quot;Ahmad@1234&quot;, expectedResult: False)" computerName="OMAR_PC" duration="00:00:00.0049395" startTime="2024-12-01T13:38:11.2204866+02:00" endTime="2024-12-01T13:38:11.2204867+02:00" testType="13cdc9d9-ddb5-4fa4-a97d-d965ccfc6d4b" outcome="Passed" testListId="8c84fa94-04c1-424b-9868-57a2d4851a1d" relativeResultsDirectory="f29844b9-dc1d-4bf3-bc34-6e2e2cf375ee" />
    <UnitTestResult executionId="24cdc421-f974-4e0a-8524-a463f246a2b7" testId="b6ec308c-ccb9-43b3-b1c2-c83f7e595e6d" testName="AirportTicketBookingExercise.Test.ProgramShould.CancelFlightBooking(username: &quot;Omar Khalili&quot;, flightId: &quot;&quot;, expectedResult: False)" computerName="OMAR_PC" duration="00:00:00.0010263" startTime="2024-12-01T13:38:11.2218518+02:00" endTime="2024-12-01T13:38:11.2218518+02:00" testType="13cdc9d9-ddb5-4fa4-a97d-d965ccfc6d4b" outcome="Passed" testListId="8c84fa94-04c1-424b-9868-57a2d4851a1d" relativeResultsDirectory="24cdc421-f974-4e0a-8524-a463f246a2b7" />
    <UnitTestResult executionId="8d545e98-3268-47a6-88a3-bcfea5ca5ae0" testId="35acd61e-3ab1-c591-13bc-cad7484aa389" testName="AirportTicketBookingExercise.Test.ProgramShould.CheckRegister(username: &quot;&quot;, password: &quot;Khalili@1234&quot;, expectedResult: False)" computerName="OMAR_PC" duration="00:00:00.0005176" startTime="2024-12-01T13:38:11.2217257+02:00" endTime="2024-12-01T13:38:11.2217257+02:00" testType="13cdc9d9-ddb5-4fa4-a97d-d965ccfc6d4b" outcome="Passed" testListId="8c84fa94-04c1-424b-9868-57a2d4851a1d" relativeResultsDirectory="8d545e98-3268-47a6-88a3-bcfea5ca5ae0" />
    <UnitTestResult executionId="cd8299c0-a900-4be3-8634-19cf9b768555" testId="574ce80f-7f34-4975-4ab6-147476615767" testName="AirportTicketBookingExercise.Test.ProgramShould.CheckFlightBooking(flightId: &quot;&quot;, expectedResult: False)" computerName="OMAR_PC" duration="00:00:00.0004385" startTime="2024-12-01T13:38:11.2204321+02:00" endTime="2024-12-01T13:38:11.2204321+02:00" testType="13cdc9d9-ddb5-4fa4-a97d-d965ccfc6d4b" outcome="Passed" testListId="8c84fa94-04c1-424b-9868-57a2d4851a1d" relativeResultsDirectory="cd8299c0-a900-4be3-8634-19cf9b768555" />
    <UnitTestResult executionId="0e844895-a9ca-4be2-8576-7611b1260547" testId="0ade34a6-d6d7-a006-809c-130197aeb586" testName="AirportTicketBookingExercise.Test.ProgramShould.ModifyUserBooking(username: &quot;Ahmad Iyrot&quot;, flightId: &quot;8&quot;, flightClass: &quot;2&quot;, expectedResult: &quot;640$&quot;)" computerName="OMAR_PC" duration="00:00:00.2091556" startTime="2024-12-01T13:38:11.1872004+02:00" endTime="2024-12-01T13:38:11.1872212+02:00" testType="13cdc9d9-ddb5-4fa4-a97d-d965ccfc6d4b" outcome="Passed" testListId="8c84fa94-04c1-424b-9868-57a2d4851a1d" relativeResultsDirectory="0e844895-a9ca-4be2-8576-7611b1260547" />
    <UnitTestResult executionId="77e2a3f0-5a6a-4b5c-9dd1-501866b007fc" testId="717d7a0f-61fd-4450-f666-3373ca8694bf" testName="AirportTicketBookingExercise.Test.ProgramShould.DisplayUserBooking(username: &quot;&quot;, expectedResult: False)" computerName="OMAR_PC" duration="00:00:00.0012058" startTime="2024-12-01T13:38:11.2202688+02:00" endTime="2024-12-01T13:38:11.2202690+02:00" testType="13cdc9d9-ddb5-4fa4-a97d-d965ccfc6d4b" outcome="Passed" testListId="8c84fa94-04c1-424b-9868-57a2d4851a1d" relativeResultsDirectory="77e2a3f0-5a6a-4b5c-9dd1-501866b007fc" />
    <UnitTestResult executionId="3a3662d2-8e8e-454b-a111-d06a057a3ab0" testId="890523d1-f526-45a2-018f-ee7215794aa4" testName="AirportTicketBookingExercise.Test.ProgramShould.ModifyUserBooking(username: &quot;&quot;, flightId: &quot;5&quot;, flightClass: &quot;1&quot;, expectedResult: null)" computerName="OMAR_PC" duration="00:00:00.0005176" startTime="2024-12-01T13:38:11.1923883+02:00" endTime="2024-12-01T13:38:11.1923884+02:00" testType="13cdc9d9-ddb5-4fa4-a97d-d965ccfc6d4b" outcome="Passed" testListId="8c84fa94-04c1-424b-9868-57a2d4851a1d" relativeResultsDirectory="3a3662d2-8e8e-454b-a111-d06a057a3ab0" />
    <UnitTestResult executionId="72fd9c64-e67c-4de7-b456-968792a49e6c" testId="a6470dd8-9046-ad12-b505-e937d8cd295d" testName="AirportTicketBookingExercise.Test.ProgramShould.CheckRegister(username: &quot;Omar Khalili&quot;, password: &quot;&quot;, expectedResult: False)" computerName="OMAR_PC" duration="00:00:00.0002573" startTime="2024-12-01T13:38:11.2217634+02:00" endTime="2024-12-01T13:38:11.2217634+02:00" testType="13cdc9d9-ddb5-4fa4-a97d-d965ccfc6d4b" outcome="Passed" testListId="8c84fa94-04c1-424b-9868-57a2d4851a1d" relativeResultsDirectory="72fd9c64-e67c-4de7-b456-968792a49e6c" />
    <UnitTestResult executionId="5b7b644e-6c75-4684-b0c8-a15c27fdcfe4" testId="0641326d-6619-3fb8-8378-27248efccbe7" testName="AirportTicketBookingExercise.Test.ProgramShould.ModifyUserBooking(username: &quot;Amjad Awad&quot;, flightId: &quot;10&quot;, flightClass: &quot;2&quot;, expectedResult: &quot;245$&quot;)" computerName="OMAR_PC" duration="00:00:00.0006739" startTime="2024-12-01T13:38:11.1937569+02:00" endTime="2024-12-01T13:38:11.1937571+02:00" testType="13cdc9d9-ddb5-4fa4-a97d-d965ccfc6d4b" outcome="Passed" testListId="8c84fa94-04c1-424b-9868-57a2d4851a1d" relativeResultsDirectory="5b7b644e-6c75-4684-b0c8-a15c27fdcfe4" />
    <UnitTestResult executionId="2c917a86-9a4f-4468-9ac3-98b53cc74937" testId="bddb4fef-e0d7-8db1-52ad-751d76ee5fa8" testName="AirportTicketBookingExercise.Test.ProgramShould.CancelFlightBooking(username: &quot;Abood Jbr&quot;, flightId: &quot;2&quot;, expectedResult: True)" computerName="OMAR_PC" duration="00:00:00.0014471" startTime="2024-12-01T13:38:11.2217960+02:00" endTime="2024-12-01T13:38:11.2217960+02:00" testType="13cdc9d9-ddb5-4fa4-a97d-d965ccfc6d4b" outcome="Passed" testListId="8c84fa94-04c1-424b-9868-57a2d4851a1d" relativeResultsDirectory="2c917a86-9a4f-4468-9ac3-98b53cc74937" />
    <UnitTestResult executionId="c2b48881-2309-4154-872e-3a9986d23cc9" testId="87f2da93-8f16-7bbd-425c-f69eee306d53" testName="AirportTicketBookingExercise.Test.ProgramShould.CheckRegister(username: &quot;Omar Khalili&quot;, password: &quot;Khalili@1234&quot;, expectedResult: False)" computerName="OMAR_PC" duration="00:00:00.0017807" startTime="2024-12-01T13:38:11.2216968+02:00" endTime="2024-12-01T13:38:11.2216968+02:00" testType="13cdc9d9-ddb5-4fa4-a97d-d965ccfc6d4b" outcome="Passed" testListId="8c84fa94-04c1-424b-9868-57a2d4851a1d" relativeResultsDirectory="c2b48881-2309-4154-872e-3a9986d23cc9" />
    <UnitTestResult executionId="b50e4a3b-8a83-492d-994a-bbd4ca42e452" testId="56b024cb-82af-8f39-619a-5ea6ab1c404d" testName="AirportTicketBookingExercise.Test.ProgramShould.ModifyUserBooking(username: &quot;Abood Jbr&quot;, flightId: &quot;2&quot;, flightClass: &quot;3&quot;, expectedResult: &quot;900$&quot;)" computerName="OMAR_PC" duration="00:00:00.0006125" startTime="2024-12-01T13:38:11.1930379+02:00" endTime="2024-12-01T13:38:11.1930379+02:00" testType="13cdc9d9-ddb5-4fa4-a97d-d965ccfc6d4b" outcome="Passed" testListId="8c84fa94-04c1-424b-9868-57a2d4851a1d" relativeResultsDirectory="b50e4a3b-8a83-492d-994a-bbd4ca42e452" />
  </Results>
  <TestDefinitions>
    <UnitTest name="AirportTicketBookingExercise.Test.ProgramShould.CheckLogin(username: &quot;&quot;, password: &quot;Khalili@1234&quot;, expectedResult: False)" storage="d:\vs-20230610t091643z-001\vs\course\foothill\c#\airport-ticket-booking-exercise-solid-principles\airport-ticket-booking-exercise-solid-principles\airportticketbookingexercise.test\bin\debug\net8.0\airportticketbookingexercise.test.dll" id="7c4a5288-a275-76f2-d932-6599d7aa707f">
      <Execution id="52dbef56-28ef-41d6-8ac7-98a5a8a6778d" />
      <TestMethod codeBase="D:\VS-20230610T091643Z-001\VS\course\foothill\C#\Airport-Ticket-Booking-Exercise-SOLID-principles\Airport-Ticket-Booking-Exercise-SOLID-principles\AirportTicketBookingExercise.Test\bin\Debug\net8.0\AirportTicketBookingExercise.Test.dll" adapterTypeName="executor://xunit/VsTestRunner2/netcoreapp" className="AirportTicketBookingExercise.Test.ProgramShould" name="CheckLogin" />
    </UnitTest>
    <UnitTest name="AirportTicketBookingExercise.Test.ProgramShould.DisplayUserBooking(username: &quot;&quot;, expectedResult: False)" storage="d:\vs-20230610t091643z-001\vs\course\foothill\c#\airport-ticket-booking-exercise-solid-principles\airport-ticket-booking-exercise-solid-principles\airportticketbookingexercise.test\bin\debug\net8.0\airportticketbookingexercise.test.dll" id="717d7a0f-61fd-4450-f666-3373ca8694bf">
      <Execution id="77e2a3f0-5a6a-4b5c-9dd1-501866b007fc" />
      <TestMethod codeBase="D:\VS-20230610T091643Z-001\VS\course\foothill\C#\Airport-Ticket-Booking-Exercise-SOLID-principles\Airport-Ticket-Booking-Exercise-SOLID-principles\AirportTicketBookingExercise.Test\bin\Debug\net8.0\AirportTicketBookingExercise.Test.dll" adapterTypeName="executor://xunit/VsTestRunner2/netcoreapp" className="AirportTicketBookingExercise.Test.ProgramShould" name="DisplayUserBooking" />
    </UnitTest>
    <UnitTest name="AirportTicketBookingExercise.Test.ProgramShould.ModifyUserBooking(username: &quot;Amjad Awad&quot;, flightId: &quot;10&quot;, flightClass: &quot;2&quot;, expectedResult: &quot;245$&quot;)" storage="d:\vs-20230610t091643z-001\vs\course\foothill\c#\airport-ticket-booking-exercise-solid-principles\airport-ticket-booking-exercise-solid-principles\airportticketbookingexercise.test\bin\debug\net8.0\airportticketbookingexercise.test.dll" id="0641326d-6619-3fb8-8378-27248efccbe7">
      <Execution id="5b7b644e-6c75-4684-b0c8-a15c27fdcfe4" />
      <TestMethod codeBase="D:\VS-20230610T091643Z-001\VS\course\foothill\C#\Airport-Ticket-Booking-Exercise-SOLID-principles\Airport-Ticket-Booking-Exercise-SOLID-principles\AirportTicketBookingExercise.Test\bin\Debug\net8.0\AirportTicketBookingExercise.Test.dll" adapterTypeName="executor://xunit/VsTestRunner2/netcoreapp" className="AirportTicketBookingExercise.Test.ProgramShould" name="ModifyUserBooking" />
    </UnitTest>
    <UnitTest name="AirportTicketBookingExercise.Test.ProgramShould.ModifyUserBooking(username: &quot;Abood Jbr&quot;, flightId: &quot;&quot;, flightClass: &quot;1&quot;, expectedResult: null)" storage="d:\vs-20230610t091643z-001\vs\course\foothill\c#\airport-ticket-booking-exercise-solid-principles\airport-ticket-booking-exercise-solid-principles\airportticketbookingexercise.test\bin\debug\net8.0\airportticketbookingexercise.test.dll" id="8766fef3-8461-d8f3-c6ff-0d12e0187b04">
      <Execution id="702f7f6f-35a7-46db-ab8c-cc17ed096741" />
      <TestMethod codeBase="D:\VS-20230610T091643Z-001\VS\course\foothill\C#\Airport-Ticket-Booking-Exercise-SOLID-principles\Airport-Ticket-Booking-Exercise-SOLID-principles\AirportTicketBookingExercise.Test\bin\Debug\net8.0\AirportTicketBookingExercise.Test.dll" adapterTypeName="executor://xunit/VsTestRunner2/netcoreapp" className="AirportTicketBookingExercise.Test.ProgramShould" name="ModifyUserBooking" />
    </UnitTest>
    <UnitTest name="AirportTicketBookingExercise.Test.ProgramShould.CancelFlightBooking(username: &quot;Abood Jbr&quot;, flightId: &quot;2&quot;, expectedResult: True)" storage="d:\vs-20230610t091643z-001\vs\course\foothill\c#\airport-ticket-booking-exercise-solid-principles\airport-ticket-booking-exercise-solid-principles\airportticketbookingexercise.test\bin\debug\net8.0\airportticketbookingexercise.test.dll" id="bddb4fef-e0d7-8db1-52ad-751d76ee5fa8">
      <Execution id="2c917a86-9a4f-4468-9ac3-98b53cc74937" />
      <TestMethod codeBase="D:\VS-20230610T091643Z-001\VS\course\foothill\C#\Airport-Ticket-Booking-Exercise-SOLID-principles\Airport-Ticket-Booking-Exercise-SOLID-principles\AirportTicketBookingExercise.Test\bin\Debug\net8.0\AirportTicketBookingExercise.Test.dll" adapterTypeName="executor://xunit/VsTestRunner2/netcoreapp" className="AirportTicketBookingExercise.Test.ProgramShould" name="CancelFlightBooking" />
    </UnitTest>
    <UnitTest name="AirportTicketBookingExercise.Test.ProgramShould.CheckRegister(username: &quot;Omar Khalili&quot;, password: &quot;&quot;, expectedResult: False)" storage="d:\vs-20230610t091643z-001\vs\course\foothill\c#\airport-ticket-booking-exercise-solid-principles\airport-ticket-booking-exercise-solid-principles\airportticketbookingexercise.test\bin\debug\net8.0\airportticketbookingexercise.test.dll" id="a6470dd8-9046-ad12-b505-e937d8cd295d">
      <Execution id="72fd9c64-e67c-4de7-b456-968792a49e6c" />
      <TestMethod codeBase="D:\VS-20230610T091643Z-001\VS\course\foothill\C#\Airport-Ticket-Booking-Exercise-SOLID-principles\Airport-Ticket-Booking-Exercise-SOLID-principles\AirportTicketBookingExercise.Test\bin\Debug\net8.0\AirportTicketBookingExercise.Test.dll" adapterTypeName="executor://xunit/VsTestRunner2/netcoreapp" className="AirportTicketBookingExercise.Test.ProgramShould" name="CheckRegister" />
    </UnitTest>
    <UnitTest name="AirportTicketBookingExercise.Test.ProgramShould.CheckFlightBooking(flightId: &quot;&quot;, expectedResult: False)" storage="d:\vs-20230610t091643z-001\vs\course\foothill\c#\airport-ticket-booking-exercise-solid-principles\airport-ticket-booking-exercise-solid-principles\airportticketbookingexercise.test\bin\debug\net8.0\airportticketbookingexercise.test.dll" id="574ce80f-7f34-4975-4ab6-147476615767">
      <Execution id="cd8299c0-a900-4be3-8634-19cf9b768555" />
      <TestMethod codeBase="D:\VS-20230610T091643Z-001\VS\course\foothill\C#\Airport-Ticket-Booking-Exercise-SOLID-principles\Airport-Ticket-Booking-Exercise-SOLID-principles\AirportTicketBookingExercise.Test\bin\Debug\net8.0\AirportTicketBookingExercise.Test.dll" adapterTypeName="executor://xunit/VsTestRunner2/netcoreapp" className="AirportTicketBookingExercise.Test.ProgramShould" name="CheckFlightBooking" />
    </UnitTest>
    <UnitTest name="AirportTicketBookingExercise.Test.ProgramShould.ModifyUserBooking(username: &quot;Abood Jbr&quot;, flightId: &quot;5&quot;, flightClass: &quot;1&quot;, expectedResult: &quot;183$&quot;)" storage="d:\vs-20230610t091643z-001\vs\course\foothill\c#\airport-ticket-booking-exercise-solid-principles\airport-ticket-booking-exercise-solid-principles\airportticketbookingexercise.test\bin\debug\net8.0\airportticketbookingexercise.test.dll" id="85e2c874-ee80-36f7-a358-d0c5f4f91655">
      <Execution id="3cd395b1-e34b-4df6-a397-601749a4d943" />
      <TestMethod codeBase="D:\VS-20230610T091643Z-001\VS\course\foothill\C#\Airport-Ticket-Booking-Exercise-SOLID-principles\Airport-Ticket-Booking-Exercise-SOLID-principles\AirportTicketBookingExercise.Test\bin\Debug\net8.0\AirportTicketBookingExercise.Test.dll" adapterTypeName="executor://xunit/VsTestRunner2/netcoreapp" className="AirportTicketBookingExercise.Test.ProgramShould" name="ModifyUserBooking" />
    </UnitTest>
    <UnitTest name="AirportTicketBookingExercise.Test.ProgramShould.CheckRegister(username: &quot;Omar Khalili&quot;, password: &quot;Khalili@1234&quot;, expectedResult: False)" storage="d:\vs-20230610t091643z-001\vs\course\foothill\c#\airport-ticket-booking-exercise-solid-principles\airport-ticket-booking-exercise-solid-principles\airportticketbookingexercise.test\bin\debug\net8.0\airportticketbookingexercise.test.dll" id="87f2da93-8f16-7bbd-425c-f69eee306d53">
      <Execution id="c2b48881-2309-4154-872e-3a9986d23cc9" />
      <TestMethod codeBase="D:\VS-20230610T091643Z-001\VS\course\foothill\C#\Airport-Ticket-Booking-Exercise-SOLID-principles\Airport-Ticket-Booking-Exercise-SOLID-principles\AirportTicketBookingExercise.Test\bin\Debug\net8.0\AirportTicketBookingExercise.Test.dll" adapterTypeName="executor://xunit/VsTestRunner2/netcoreapp" className="AirportTicketBookingExercise.Test.ProgramShould" name="CheckRegister" />
    </UnitTest>
    <UnitTest name="AirportTicketBookingExercise.Test.ProgramShould.ModifyUserBooking(username: &quot;&quot;, flightId: &quot;5&quot;, flightClass: &quot;1&quot;, expectedResult: null)" storage="d:\vs-20230610t091643z-001\vs\course\foothill\c#\airport-ticket-booking-exercise-solid-principles\airport-ticket-booking-exercise-solid-principles\airportticketbookingexercise.test\bin\debug\net8.0\airportticketbookingexercise.test.dll" id="890523d1-f526-45a2-018f-ee7215794aa4">
      <Execution id="3a3662d2-8e8e-454b-a111-d06a057a3ab0" />
      <TestMethod codeBase="D:\VS-20230610T091643Z-001\VS\course\foothill\C#\Airport-Ticket-Booking-Exercise-SOLID-principles\Airport-Ticket-Booking-Exercise-SOLID-principles\AirportTicketBookingExercise.Test\bin\Debug\net8.0\AirportTicketBookingExercise.Test.dll" adapterTypeName="executor://xunit/VsTestRunner2/netcoreapp" className="AirportTicketBookingExercise.Test.ProgramShould" name="ModifyUserBooking" />
    </UnitTest>
    <UnitTest name="AirportTicketBookingExercise.Test.ProgramShould.ModifyUserBooking(username: &quot;Samira&quot;, flightId: &quot;3&quot;, flightClass: &quot;3&quot;, expectedResult: &quot;675$&quot;)" storage="d:\vs-20230610t091643z-001\vs\course\foothill\c#\airport-ticket-booking-exercise-solid-principles\airport-ticket-booking-exercise-solid-principles\airportticketbookingexercise.test\bin\debug\net8.0\airportticketbookingexercise.test.dll" id="e479a2f3-c826-f5b6-395f-f6a3d578c1b8">
      <Execution id="734739bd-5cbf-426a-aa10-50566a44e600" />
      <TestMethod codeBase="D:\VS-20230610T091643Z-001\VS\course\foothill\C#\Airport-Ticket-Booking-Exercise-SOLID-principles\Airport-Ticket-Booking-Exercise-SOLID-principles\AirportTicketBookingExercise.Test\bin\Debug\net8.0\AirportTicketBookingExercise.Test.dll" adapterTypeName="executor://xunit/VsTestRunner2/netcoreapp" className="AirportTicketBookingExercise.Test.ProgramShould" name="ModifyUserBooking" />
    </UnitTest>
    <UnitTest name="AirportTicketBookingExercise.Test.ProgramShould.CheckLogin(username: &quot;Omar Khalili&quot;, password: &quot;Khalili@1234&quot;, expectedResult: True)" storage="d:\vs-20230610t091643z-001\vs\course\foothill\c#\airport-ticket-booking-exercise-solid-principles\airport-ticket-booking-exercise-solid-principles\airportticketbookingexercise.test\bin\debug\net8.0\airportticketbookingexercise.test.dll" id="53d1a41b-d8aa-a0fb-b3e2-f3b8ccdf1eff">
      <Execution id="c37aa443-082e-4e72-8aea-072e86fe6b67" />
      <TestMethod codeBase="D:\VS-20230610T091643Z-001\VS\course\foothill\C#\Airport-Ticket-Booking-Exercise-SOLID-principles\Airport-Ticket-Booking-Exercise-SOLID-principles\AirportTicketBookingExercise.Test\bin\Debug\net8.0\AirportTicketBookingExercise.Test.dll" adapterTypeName="executor://xunit/VsTestRunner2/netcoreapp" className="AirportTicketBookingExercise.Test.ProgramShould" name="CheckLogin" />
    </UnitTest>
    <UnitTest name="AirportTicketBookingExercise.Test.ProgramShould.CheckLogin(username: &quot;Omar Khalili&quot;, password: &quot;&quot;, expectedResult: False)" storage="d:\vs-20230610t091643z-001\vs\course\foothill\c#\airport-ticket-booking-exercise-solid-principles\airport-ticket-booking-exercise-solid-principles\airportticketbookingexercise.test\bin\debug\net8.0\airportticketbookingexercise.test.dll" id="a0767d2a-1bb9-55be-e819-a55bb032ec16">
      <Execution id="dd36eb2a-19c0-4578-9caa-10be8dd8efb7" />
      <TestMethod codeBase="D:\VS-20230610T091643Z-001\VS\course\foothill\C#\Airport-Ticket-Booking-Exercise-SOLID-principles\Airport-Ticket-Booking-Exercise-SOLID-principles\AirportTicketBookingExercise.Test\bin\Debug\net8.0\AirportTicketBookingExercise.Test.dll" adapterTypeName="executor://xunit/VsTestRunner2/netcoreapp" className="AirportTicketBookingExercise.Test.ProgramShould" name="CheckLogin" />
    </UnitTest>
    <UnitTest name="AirportTicketBookingExercise.Test.ProgramShould.ModifyUserBooking(username: &quot;Abood Jbr&quot;, flightId: &quot;2&quot;, flightClass: &quot;3&quot;, expectedResult: &quot;900$&quot;)" storage="d:\vs-20230610t091643z-001\vs\course\foothill\c#\airport-ticket-booking-exercise-solid-principles\airport-ticket-booking-exercise-solid-principles\airportticketbookingexercise.test\bin\debug\net8.0\airportticketbookingexercise.test.dll" id="56b024cb-82af-8f39-619a-5ea6ab1c404d">
      <Execution id="b50e4a3b-8a83-492d-994a-bbd4ca42e452" />
      <TestMethod codeBase="D:\VS-20230610T091643Z-001\VS\course\foothill\C#\Airport-Ticket-Booking-Exercise-SOLID-principles\Airport-Ticket-Booking-Exercise-SOLID-principles\AirportTicketBookingExercise.Test\bin\Debug\net8.0\AirportTicketBookingExercise.Test.dll" adapterTypeName="executor://xunit/VsTestRunner2/netcoreapp" className="AirportTicketBookingExercise.Test.ProgramShould" name="ModifyUserBooking" />
    </UnitTest>
    <UnitTest name="AirportTicketBookingExercise.Test.ProgramShould.CheckRegister(username: &quot;Ahmad Khalili&quot;, password: &quot;Ahmad@1234&quot;, expectedResult: True)" storage="d:\vs-20230610t091643z-001\vs\course\foothill\c#\airport-ticket-booking-exercise-solid-principles\airport-ticket-booking-exercise-solid-principles\airportticketbookingexercise.test\bin\debug\net8.0\airportticketbookingexercise.test.dll" id="e74b6359-5e1f-a2c6-8eda-b8287010bb2b">
      <Execution id="16bd36ff-af72-4c71-a2a0-f25a779782df" />
      <TestMethod codeBase="D:\VS-20230610T091643Z-001\VS\course\foothill\C#\Airport-Ticket-Booking-Exercise-SOLID-principles\Airport-Ticket-Booking-Exercise-SOLID-principles\AirportTicketBookingExercise.Test\bin\Debug\net8.0\AirportTicketBookingExercise.Test.dll" adapterTypeName="executor://xunit/VsTestRunner2/netcoreapp" className="AirportTicketBookingExercise.Test.ProgramShould" name="CheckRegister" />
    </UnitTest>
    <UnitTest name="AirportTicketBookingExercise.Test.ProgramShould.CancelFlightBooking(username: &quot;Omar Khalili&quot;, flightId: &quot;&quot;, expectedResult: False)" storage="d:\vs-20230610t091643z-001\vs\course\foothill\c#\airport-ticket-booking-exercise-solid-principles\airport-ticket-booking-exercise-solid-principles\airportticketbookingexercise.test\bin\debug\net8.0\airportticketbookingexercise.test.dll" id="b6ec308c-ccb9-43b3-b1c2-c83f7e595e6d">
      <Execution id="24cdc421-f974-4e0a-8524-a463f246a2b7" />
      <TestMethod codeBase="D:\VS-20230610T091643Z-001\VS\course\foothill\C#\Airport-Ticket-Booking-Exercise-SOLID-principles\Airport-Ticket-Booking-Exercise-SOLID-principles\AirportTicketBookingExercise.Test\bin\Debug\net8.0\AirportTicketBookingExercise.Test.dll" adapterTypeName="executor://xunit/VsTestRunner2/netcoreapp" className="AirportTicketBookingExercise.Test.ProgramShould" name="CancelFlightBooking" />
    </UnitTest>
    <UnitTest name="AirportTicketBookingExercise.Test.ProgramShould.CancelFlightBooking(username: &quot;Omar Khalili&quot;, flightId: &quot;2&quot;, expectedResult: False)" storage="d:\vs-20230610t091643z-001\vs\course\foothill\c#\airport-ticket-booking-exercise-solid-principles\airport-ticket-booking-exercise-solid-principles\airportticketbookingexercise.test\bin\debug\net8.0\airportticketbookingexercise.test.dll" id="ffb212ef-204a-e1bd-1083-2e63e8b7b041">
      <Execution id="3a5c9127-db0a-41bd-8416-338a56e1327b" />
      <TestMethod codeBase="D:\VS-20230610T091643Z-001\VS\course\foothill\C#\Airport-Ticket-Booking-Exercise-SOLID-principles\Airport-Ticket-Booking-Exercise-SOLID-principles\AirportTicketBookingExercise.Test\bin\Debug\net8.0\AirportTicketBookingExercise.Test.dll" adapterTypeName="executor://xunit/VsTestRunner2/netcoreapp" className="AirportTicketBookingExercise.Test.ProgramShould" name="CancelFlightBooking" />
    </UnitTest>
    <UnitTest name="AirportTicketBookingExercise.Test.ProgramShould.CancelFlightBooking(username: &quot;&quot;, flightId: &quot;2&quot;, expectedResult: False)" storage="d:\vs-20230610t091643z-001\vs\course\foothill\c#\airport-ticket-booking-exercise-solid-principles\airport-ticket-booking-exercise-solid-principles\airportticketbookingexercise.test\bin\debug\net8.0\airportticketbookingexercise.test.dll" id="bd9e934c-c729-6a2b-e688-db0460d16c3a">
      <Execution id="4731a364-00a2-4db6-aa43-0c9b5a4ba2ba" />
      <TestMethod codeBase="D:\VS-20230610T091643Z-001\VS\course\foothill\C#\Airport-Ticket-Booking-Exercise-SOLID-principles\Airport-Ticket-Booking-Exercise-SOLID-principles\AirportTicketBookingExercise.Test\bin\Debug\net8.0\AirportTicketBookingExercise.Test.dll" adapterTypeName="executor://xunit/VsTestRunner2/netcoreapp" className="AirportTicketBookingExercise.Test.ProgramShould" name="CancelFlightBooking" />
    </UnitTest>
    <UnitTest name="AirportTicketBookingExercise.Test.ProgramShould.CheckFlightBooking(flightId: &quot;2&quot;, expectedResult: False)" storage="d:\vs-20230610t091643z-001\vs\course\foothill\c#\airport-ticket-booking-exercise-solid-principles\airport-ticket-booking-exercise-solid-principles\airportticketbookingexercise.test\bin\debug\net8.0\airportticketbookingexercise.test.dll" id="ed590b73-10ce-92f0-99c7-95a569a86a33">
      <Execution id="83df27c6-92be-469e-8ffb-a84e67d5aeab" />
      <TestMethod codeBase="D:\VS-20230610T091643Z-001\VS\course\foothill\C#\Airport-Ticket-Booking-Exercise-SOLID-principles\Airport-Ticket-Booking-Exercise-SOLID-principles\AirportTicketBookingExercise.Test\bin\Debug\net8.0\AirportTicketBookingExercise.Test.dll" adapterTypeName="executor://xunit/VsTestRunner2/netcoreapp" className="AirportTicketBookingExercise.Test.ProgramShould" name="CheckFlightBooking" />
    </UnitTest>
    <UnitTest name="AirportTicketBookingExercise.Test.ProgramShould.ModifyUserBooking(username: &quot;Ahmad Iyrot&quot;, flightId: &quot;8&quot;, flightClass: &quot;2&quot;, expectedResult: &quot;640$&quot;)" storage="d:\vs-20230610t091643z-001\vs\course\foothill\c#\airport-ticket-booking-exercise-solid-principles\airport-ticket-booking-exercise-solid-principles\airportticketbookingexercise.test\bin\debug\net8.0\airportticketbookingexercise.test.dll" id="0ade34a6-d6d7-a006-809c-130197aeb586">
      <Execution id="0e844895-a9ca-4be2-8576-7611b1260547" />
      <TestMethod codeBase="D:\VS-20230610T091643Z-001\VS\course\foothill\C#\Airport-Ticket-Booking-Exercise-SOLID-principles\Airport-Ticket-Booking-Exercise-SOLID-principles\AirportTicketBookingExercise.Test\bin\Debug\net8.0\AirportTicketBookingExercise.Test.dll" adapterTypeName="executor://xunit/VsTestRunner2/netcoreapp" className="AirportTicketBookingExercise.Test.ProgramShould" name="ModifyUserBooking" />
    </UnitTest>
    <UnitTest name="AirportTicketBookingExercise.Test.ProgramShould.CheckFlightBooking(flightId: &quot;4&quot;, expectedResult: True)" storage="d:\vs-20230610t091643z-001\vs\course\foothill\c#\airport-ticket-booking-exercise-solid-principles\airport-ticket-booking-exercise-solid-principles\airportticketbookingexercise.test\bin\debug\net8.0\airportticketbookingexercise.test.dll" id="e2b513f5-9fd7-4468-f12d-cd5d77c8f634">
      <Execution id="619b5410-45e1-4d6f-afe3-a05a5b645645" />
      <TestMethod codeBase="D:\VS-20230610T091643Z-001\VS\course\foothill\C#\Airport-Ticket-Booking-Exercise-SOLID-principles\Airport-Ticket-Booking-Exercise-SOLID-principles\AirportTicketBookingExercise.Test\bin\Debug\net8.0\AirportTicketBookingExercise.Test.dll" adapterTypeName="executor://xunit/VsTestRunner2/netcoreapp" className="AirportTicketBookingExercise.Test.ProgramShould" name="CheckFlightBooking" />
    </UnitTest>
    <UnitTest name="AirportTicketBookingExercise.Test.ProgramShould.DisplayUserBooking(username: &quot;Omar Khalili&quot;, expectedResult: True)" storage="d:\vs-20230610t091643z-001\vs\course\foothill\c#\airport-ticket-booking-exercise-solid-principles\airport-ticket-booking-exercise-solid-principles\airportticketbookingexercise.test\bin\debug\net8.0\airportticketbookingexercise.test.dll" id="40c9ce22-a0c5-f8bd-1021-6164912f04d6">
      <Execution id="6e8a1e77-93a0-4c0c-8ee5-368bfc89f591" />
      <TestMethod codeBase="D:\VS-20230610T091643Z-001\VS\course\foothill\C#\Airport-Ticket-Booking-Exercise-SOLID-principles\Airport-Ticket-Booking-Exercise-SOLID-principles\AirportTicketBookingExercise.Test\bin\Debug\net8.0\AirportTicketBookingExercise.Test.dll" adapterTypeName="executor://xunit/VsTestRunner2/netcoreapp" className="AirportTicketBookingExercise.Test.ProgramShould" name="DisplayUserBooking" />
    </UnitTest>
    <UnitTest name="AirportTicketBookingExercise.Test.ProgramShould.ModifyUserBooking(username: &quot;Omar Khalili&quot;, flightId: &quot;6&quot;, flightClass: &quot;1&quot;, expectedResult: &quot;380$&quot;)" storage="d:\vs-20230610t091643z-001\vs\course\foothill\c#\airport-ticket-booking-exercise-solid-principles\airport-ticket-booking-exercise-solid-principles\airportticketbookingexercise.test\bin\debug\net8.0\airportticketbookingexercise.test.dll" id="de9ea2dd-f4c2-6389-a1c8-fc8868847b87">
      <Execution id="19d12515-eac0-4624-8c0f-25e4d8673ff2" />
      <TestMethod codeBase="D:\VS-20230610T091643Z-001\VS\course\foothill\C#\Airport-Ticket-Booking-Exercise-SOLID-principles\Airport-Ticket-Booking-Exercise-SOLID-principles\AirportTicketBookingExercise.Test\bin\Debug\net8.0\AirportTicketBookingExercise.Test.dll" adapterTypeName="executor://xunit/VsTestRunner2/netcoreapp" className="AirportTicketBookingExercise.Test.ProgramShould" name="ModifyUserBooking" />
    </UnitTest>
    <UnitTest name="AirportTicketBookingExercise.Test.ProgramShould.ModifyUserBooking(username: &quot;Oliver&quot;, flightId: &quot;7&quot;, flightClass: &quot;1&quot;, expectedResult: &quot;300$&quot;)" storage="d:\vs-20230610t091643z-001\vs\course\foothill\c#\airport-ticket-booking-exercise-solid-principles\airport-ticket-booking-exercise-solid-principles\airportticketbookingexercise.test\bin\debug\net8.0\airportticketbookingexercise.test.dll" id="ce18f82f-06e5-b9ad-99c4-826011868a49">
      <Execution id="b5730445-28e8-4e60-824c-e0ca75951edb" />
      <TestMethod codeBase="D:\VS-20230610T091643Z-001\VS\course\foothill\C#\Airport-Ticket-Booking-Exercise-SOLID-principles\Airport-Ticket-Booking-Exercise-SOLID-principles\AirportTicketBookingExercise.Test\bin\Debug\net8.0\AirportTicketBookingExercise.Test.dll" adapterTypeName="executor://xunit/VsTestRunner2/netcoreapp" className="AirportTicketBookingExercise.Test.ProgramShould" name="ModifyUserBooking" />
    </UnitTest>
    <UnitTest name="AirportTicketBookingExercise.Test.ProgramShould.CheckRegister(username: &quot;&quot;, password: &quot;Khalili@1234&quot;, expectedResult: False)" storage="d:\vs-20230610t091643z-001\vs\course\foothill\c#\airport-ticket-booking-exercise-solid-principles\airport-ticket-booking-exercise-solid-principles\airportticketbookingexercise.test\bin\debug\net8.0\airportticketbookingexercise.test.dll" id="35acd61e-3ab1-c591-13bc-cad7484aa389">
      <Execution id="8d545e98-3268-47a6-88a3-bcfea5ca5ae0" />
      <TestMethod codeBase="D:\VS-20230610T091643Z-001\VS\course\foothill\C#\Airport-Ticket-Booking-Exercise-SOLID-principles\Airport-Ticket-Booking-Exercise-SOLID-principles\AirportTicketBookingExercise.Test\bin\Debug\net8.0\AirportTicketBookingExercise.Test.dll" adapterTypeName="executor://xunit/VsTestRunner2/netcoreapp" className="AirportTicketBookingExercise.Test.ProgramShould" name="CheckRegister" />
    </UnitTest>
    <UnitTest name="AirportTicketBookingExercise.Test.ProgramShould.CheckLogin(username: &quot;Ahmad Khalili&quot;, password: &quot;Ahmad@1234&quot;, expectedResult: False)" storage="d:\vs-20230610t091643z-001\vs\course\foothill\c#\airport-ticket-booking-exercise-solid-principles\airport-ticket-booking-exercise-solid-principles\airportticketbookingexercise.test\bin\debug\net8.0\airportticketbookingexercise.test.dll" id="4bf88c64-77df-3ca6-fd7b-e97373c5d0b9">
      <Execution id="f29844b9-dc1d-4bf3-bc34-6e2e2cf375ee" />
      <TestMethod codeBase="D:\VS-20230610T091643Z-001\VS\course\foothill\C#\Airport-Ticket-Booking-Exercise-SOLID-principles\Airport-Ticket-Booking-Exercise-SOLID-principles\AirportTicketBookingExercise.Test\bin\Debug\net8.0\AirportTicketBookingExercise.Test.dll" adapterTypeName="executor://xunit/VsTestRunner2/netcoreapp" className="AirportTicketBookingExercise.Test.ProgramShould" name="CheckLogin" />
    </UnitTest>
  </TestDefinitions>
  <TestEntries>
    <TestEntry testId="de9ea2dd-f4c2-6389-a1c8-fc8868847b87" executionId="19d12515-eac0-4624-8c0f-25e4d8673ff2" testListId="8c84fa94-04c1-424b-9868-57a2d4851a1d" />
    <TestEntry testId="e74b6359-5e1f-a2c6-8eda-b8287010bb2b" executionId="16bd36ff-af72-4c71-a2a0-f25a779782df" testListId="8c84fa94-04c1-424b-9868-57a2d4851a1d" />
    <TestEntry testId="53d1a41b-d8aa-a0fb-b3e2-f3b8ccdf1eff" executionId="c37aa443-082e-4e72-8aea-072e86fe6b67" testListId="8c84fa94-04c1-424b-9868-57a2d4851a1d" />
    <TestEntry testId="7c4a5288-a275-76f2-d932-6599d7aa707f" executionId="52dbef56-28ef-41d6-8ac7-98a5a8a6778d" testListId="8c84fa94-04c1-424b-9868-57a2d4851a1d" />
    <TestEntry testId="bd9e934c-c729-6a2b-e688-db0460d16c3a" executionId="4731a364-00a2-4db6-aa43-0c9b5a4ba2ba" testListId="8c84fa94-04c1-424b-9868-57a2d4851a1d" />
    <TestEntry testId="a0767d2a-1bb9-55be-e819-a55bb032ec16" executionId="dd36eb2a-19c0-4578-9caa-10be8dd8efb7" testListId="8c84fa94-04c1-424b-9868-57a2d4851a1d" />
    <TestEntry testId="ffb212ef-204a-e1bd-1083-2e63e8b7b041" executionId="3a5c9127-db0a-41bd-8416-338a56e1327b" testListId="8c84fa94-04c1-424b-9868-57a2d4851a1d" />
    <TestEntry testId="40c9ce22-a0c5-f8bd-1021-6164912f04d6" executionId="6e8a1e77-93a0-4c0c-8ee5-368bfc89f591" testListId="8c84fa94-04c1-424b-9868-57a2d4851a1d" />
    <TestEntry testId="85e2c874-ee80-36f7-a358-d0c5f4f91655" executionId="3cd395b1-e34b-4df6-a397-601749a4d943" testListId="8c84fa94-04c1-424b-9868-57a2d4851a1d" />
    <TestEntry testId="ed590b73-10ce-92f0-99c7-95a569a86a33" executionId="83df27c6-92be-469e-8ffb-a84e67d5aeab" testListId="8c84fa94-04c1-424b-9868-57a2d4851a1d" />
    <TestEntry testId="ce18f82f-06e5-b9ad-99c4-826011868a49" executionId="b5730445-28e8-4e60-824c-e0ca75951edb" testListId="8c84fa94-04c1-424b-9868-57a2d4851a1d" />
    <TestEntry testId="e479a2f3-c826-f5b6-395f-f6a3d578c1b8" executionId="734739bd-5cbf-426a-aa10-50566a44e600" testListId="8c84fa94-04c1-424b-9868-57a2d4851a1d" />
    <TestEntry testId="8766fef3-8461-d8f3-c6ff-0d12e0187b04" executionId="702f7f6f-35a7-46db-ab8c-cc17ed096741" testListId="8c84fa94-04c1-424b-9868-57a2d4851a1d" />
    <TestEntry testId="e2b513f5-9fd7-4468-f12d-cd5d77c8f634" executionId="619b5410-45e1-4d6f-afe3-a05a5b645645" testListId="8c84fa94-04c1-424b-9868-57a2d4851a1d" />
    <TestEntry testId="4bf88c64-77df-3ca6-fd7b-e97373c5d0b9" executionId="f29844b9-dc1d-4bf3-bc34-6e2e2cf375ee" testListId="8c84fa94-04c1-424b-9868-57a2d4851a1d" />
    <TestEntry testId="b6ec308c-ccb9-43b3-b1c2-c83f7e595e6d" executionId="24cdc421-f974-4e0a-8524-a463f246a2b7" testListId="8c84fa94-04c1-424b-9868-57a2d4851a1d" />
    <TestEntry testId="35acd61e-3ab1-c591-13bc-cad7484aa389" executionId="8d545e98-3268-47a6-88a3-bcfea5ca5ae0" testListId="8c84fa94-04c1-424b-9868-57a2d4851a1d" />
    <TestEntry testId="574ce80f-7f34-4975-4ab6-147476615767" executionId="cd8299c0-a900-4be3-8634-19cf9b768555" testListId="8c84fa94-04c1-424b-9868-57a2d4851a1d" />
    <TestEntry testId="0ade34a6-d6d7-a006-809c-130197aeb586" executionId="0e844895-a9ca-4be2-8576-7611b1260547" testListId="8c84fa94-04c1-424b-9868-57a2d4851a1d" />
    <TestEntry testId="717d7a0f-61fd-4450-f666-3373ca8694bf" executionId="77e2a3f0-5a6a-4b5c-9dd1-501866b007fc" testListId="8c84fa94-04c1-424b-9868-57a2d4851a1d" />
    <TestEntry testId="890523d1-f526-45a2-018f-ee7215794aa4" executionId="3a3662d2-8e8e-454b-a111-d06a057a3ab0" testListId="8c84fa94-04c1-424b-9868-57a2d4851a1d" />
    <TestEntry testId="a6470dd8-9046-ad12-b505-e937d8cd295d" executionId="72fd9c64-e67c-4de7-b456-968792a49e6c" testListId="8c84fa94-04c1-424b-9868-57a2d4851a1d" />
    <TestEntry testId="0641326d-6619-3fb8-8378-27248efccbe7" executionId="5b7b644e-6c75-4684-b0c8-a15c27fdcfe4" testListId="8c84fa94-04c1-424b-9868-57a2d4851a1d" />
    <TestEntry testId="bddb4fef-e0d7-8db1-52ad-751d76ee5fa8" executionId="2c917a86-9a4f-4468-9ac3-98b53cc74937" testListId="8c84fa94-04c1-424b-9868-57a2d4851a1d" />
    <TestEntry testId="87f2da93-8f16-7bbd-425c-f69eee306d53" executionId="c2b48881-2309-4154-872e-3a9986d23cc9" testListId="8c84fa94-04c1-424b-9868-57a2d4851a1d" />
    <TestEntry testId="56b024cb-82af-8f39-619a-5ea6ab1c404d" executionId="b50e4a3b-8a83-492d-994a-bbd4ca42e452" testListId="8c84fa94-04c1-424b-9868-57a2d4851a1d" />
  </TestEntries>
  <TestLists>
    <TestList name="Results Not in a List" id="8c84fa94-04c1-424b-9868-57a2d4851a1d" />
    <TestList name="All Loaded Results" id="19431567-8539-422a-85d7-44ee4e166bda" />
  </TestLists>
  <ResultSummary outcome="Completed">
    <Counters total="26" executed="26" passed="26" failed="0" error="0" timeout="0" aborted="0" inconclusive="0" passedButRunAborted="0" notRunnable="0" notExecuted="0" disconnected="0" warning="0" completed="0" inProgress="0" pending="0" />
    <Output>
      <StdOut>[xUnit.net 00:00:00.00] xUnit.net VSTest Adapter v2.5.3.1+6b60a9e56a (64-bit .NET 8.0.8)&#xD;
[xUnit.net 00:00:00.09]   Discovering: AirportTicketBookingExercise.Test&#xD;
[xUnit.net 00:00:00.14]   Discovered:  AirportTicketBookingExercise.Test&#xD;
[xUnit.net 00:00:00.14]   Starting:    AirportTicketBookingExercise.Test&#xD;
Flight found. Current Ticket Class: Economy&#xD;
Flight class changed successfully. New Class: Business, New Price: 640$&#xD;
Flight found. Current Ticket Class: First&#xD;
Flight class changed successfully. New Class: Economy, New Price: 183$&#xD;
Flight found. Current Ticket Class: Business&#xD;
Flight class changed successfully. New Class: First, New Price: 675$&#xD;
Flight found. Current Ticket Class: Economy&#xD;
Flight class changed successfully. New Class: Economy, New Price: 380$&#xD;
Flight found. Current Ticket Class: Business&#xD;
Flight class changed successfully. New Class: Economy, New Price: 300$&#xD;
Booking not found.&#xD;
Booking not found.&#xD;
Flight found. Current Ticket Class: Economy&#xD;
Flight class changed successfully. New Class: First, New Price: 900$&#xD;
Flight found. Current Ticket Class: First&#xD;
Flight class changed successfully. New Class: Business, New Price: 245$&#xD;
ID: 6, Price: 380$, Departure: Canada, Destination: Australia, Date: 12/1/2024 12:00:00 AM, Status: Booked&#xD;
------------------------------------------------&#xD;
Flight not available for booking.&#xD;
Flight not available for booking.&#xD;
Flight booked successfully.&#xD;
Booking canceled successfully.&#xD;
Booking not found.&#xD;
Booking not found.&#xD;
Booking not found.&#xD;
[xUnit.net 00:00:00.43]   Finished:    AirportTicketBookingExercise.Test&#xD;
</StdOut>
    </Output>
  </ResultSummary>
</TestRun>